// Jest Snapshot v1, https://goo.gl/fbAQLP

exports[`App component should render as expected 1`] = `
<div>
  <Login
    loginSuccessful={[Function]}
  />
</div>
`;
